// Jest Snapshot v1, https://goo.gl/fbAQLP

exports[`Login Page renders correctly 1`] = `
Object {
  "asFragment": [Function],
  "baseElement": <body>
    <div>
      <div
        class="d-flex flex-column align-items-center pt-4 container"
      >
        <div
          class="text-center mb-3"
        >
          <img
            alt="register"
            class="mw-100"
            src="green-welcome.svg"
            width="400"
          />
        </div>
        <form
          class="w-100"
        >
          <input
            class="form-control mb-4"
            id="email"
            name="email"
            placeholder="Enter email"
            type="email"
          />
          <input
            class="form-control my-3"
            id="password"
            name="password"
            placeholder="Enter password"
            type="password"
          />
          <button
            class="button mt-3 w-100"
            type="submit"
          >
            Login
          </button>
        </form>
      </div>
    </div>
  </body>,
  "container": <div>
    <div
      class="d-flex flex-column align-items-center pt-4 container"
    >
      <div
        class="text-center mb-3"
      >
        <img
          alt="register"
          class="mw-100"
          src="green-welcome.svg"
          width="400"
        />
      </div>
      <form
        class="w-100"
      >
        <input
          class="form-control mb-4"
          id="email"
          name="email"
          placeholder="Enter email"
          type="email"
        />
        <input
          class="form-control my-3"
          id="password"
          name="password"
          placeholder="Enter password"
          type="password"
        />
        <button
          class="button mt-3 w-100"
          type="submit"
        >
          Login
        </button>
      </form>
    </div>
  </div>,
  "debug": [Function],
  "findAllByAltText": [Function],
  "findAllByDisplayValue": [Function],
  "findAllByLabelText": [Function],
  "findAllByPlaceholderText": [Function],
  "findAllByRole": [Function],
  "findAllByTestId": [Function],
  "findAllByText": [Function],
  "findAllByTitle": [Function],
  "findByAltText": [Function],
  "findByDisplayValue": [Function],
  "findByLabelText": [Function],
  "findByPlaceholderText": [Function],
  "findByRole": [Function],
  "findByTestId": [Function],
  "findByText": [Function],
  "findByTitle": [Function],
  "getAllByAltText": [Function],
  "getAllByDisplayValue": [Function],
  "getAllByLabelText": [Function],
  "getAllByPlaceholderText": [Function],
  "getAllByRole": [Function],
  "getAllByTestId": [Function],
  "getAllByText": [Function],
  "getAllByTitle": [Function],
  "getByAltText": [Function],
  "getByDisplayValue": [Function],
  "getByLabelText": [Function],
  "getByPlaceholderText": [Function],
  "getByRole": [Function],
  "getByTestId": [Function],
  "getByText": [Function],
  "getByTitle": [Function],
  "queryAllByAltText": [Function],
  "queryAllByDisplayValue": [Function],
  "queryAllByLabelText": [Function],
  "queryAllByPlaceholderText": [Function],
  "queryAllByRole": [Function],
  "queryAllByTestId": [Function],
  "queryAllByText": [Function],
  "queryAllByTitle": [Function],
  "queryByAltText": [Function],
  "queryByDisplayValue": [Function],
  "queryByLabelText": [Function],
  "queryByPlaceholderText": [Function],
  "queryByRole": [Function],
  "queryByTestId": [Function],
  "queryByText": [Function],
  "queryByTitle": [Function],
  "rerender": [Function],
  "unmount": [Function],
}
`;
