// Jest Snapshot v1, https://goo.gl/fbAQLP

exports[`Login Page renders correctly 1`] = `
Object {
  "asFragment": [Function],
  "baseElement": <body>
    <div>
      <section
        class="signup conatiner"
      >
        <div
          class="text-center mb-3"
        >
          <img
            alt="register"
            class="mw-100"
            src="green-register.svg"
            width="500"
          />
        </div>
        <form
          class="d-flex flex-column align-items-center gap-2 container"
        >
          <input
            class="form-control"
            name="username"
            placeholder="Username"
            type="text"
          />
          <input
            class="form-control"
            name="email"
            placeholder="Email"
            type="text"
          />
          <input
            class="form-control"
            name="password"
            placeholder="Password"
            type="password"
          />
          <input
            class="form-control"
            name="confirm_password"
            placeholder="Confim Password"
            type="password"
          />
          <button
            class="button mt-3"
            type="submit"
          >
            Signup
          </button>
        </form>
      </section>
    </div>
  </body>,
  "container": <div>
    <section
      class="signup conatiner"
    >
      <div
        class="text-center mb-3"
      >
        <img
          alt="register"
          class="mw-100"
          src="green-register.svg"
          width="500"
        />
      </div>
      <form
        class="d-flex flex-column align-items-center gap-2 container"
      >
        <input
          class="form-control"
          name="username"
          placeholder="Username"
          type="text"
        />
        <input
          class="form-control"
          name="email"
          placeholder="Email"
          type="text"
        />
        <input
          class="form-control"
          name="password"
          placeholder="Password"
          type="password"
        />
        <input
          class="form-control"
          name="confirm_password"
          placeholder="Confim Password"
          type="password"
        />
        <button
          class="button mt-3"
          type="submit"
        >
          Signup
        </button>
      </form>
    </section>
  </div>,
  "debug": [Function],
  "findAllByAltText": [Function],
  "findAllByDisplayValue": [Function],
  "findAllByLabelText": [Function],
  "findAllByPlaceholderText": [Function],
  "findAllByRole": [Function],
  "findAllByTestId": [Function],
  "findAllByText": [Function],
  "findAllByTitle": [Function],
  "findByAltText": [Function],
  "findByDisplayValue": [Function],
  "findByLabelText": [Function],
  "findByPlaceholderText": [Function],
  "findByRole": [Function],
  "findByTestId": [Function],
  "findByText": [Function],
  "findByTitle": [Function],
  "getAllByAltText": [Function],
  "getAllByDisplayValue": [Function],
  "getAllByLabelText": [Function],
  "getAllByPlaceholderText": [Function],
  "getAllByRole": [Function],
  "getAllByTestId": [Function],
  "getAllByText": [Function],
  "getAllByTitle": [Function],
  "getByAltText": [Function],
  "getByDisplayValue": [Function],
  "getByLabelText": [Function],
  "getByPlaceholderText": [Function],
  "getByRole": [Function],
  "getByTestId": [Function],
  "getByText": [Function],
  "getByTitle": [Function],
  "queryAllByAltText": [Function],
  "queryAllByDisplayValue": [Function],
  "queryAllByLabelText": [Function],
  "queryAllByPlaceholderText": [Function],
  "queryAllByRole": [Function],
  "queryAllByTestId": [Function],
  "queryAllByText": [Function],
  "queryAllByTitle": [Function],
  "queryByAltText": [Function],
  "queryByDisplayValue": [Function],
  "queryByLabelText": [Function],
  "queryByPlaceholderText": [Function],
  "queryByRole": [Function],
  "queryByTestId": [Function],
  "queryByText": [Function],
  "queryByTitle": [Function],
  "rerender": [Function],
  "unmount": [Function],
}
`;
